2024-12-29 20:29:28,702:asyncio:DEBUG: Using proactor: IocpProactor
2024-12-29 20:30:27,408:asyncio:DEBUG: Using proactor: IocpProactor
2024-12-29 20:31:56,136:asyncio:DEBUG: Using proactor: IocpProactor
2024-12-29 20:33:45,513:asyncio:DEBUG: Using proactor: IocpProactor
2024-12-29 20:45:08,886:asyncio:DEBUG: Using proactor: IocpProactor
2024-12-29 20:45:52,393:asyncio:DEBUG: Using proactor: IocpProactor
2024-12-29 21:04:12,248:asyncio:DEBUG: Using proactor: IocpProactor
2024-12-29 22:42:44,532:process_pool:ERROR: Error shutting down process pool: 'NoneType' object has no attribute 'cancel'
2024-12-29 22:42:44,534:process_pool:DEBUG: TRACEBACK
Traceback (most recent call last):
  File "B:\pythonStuff\snake_server\snake_server\process_pool\process_pool.py", line 101, in shutdown
    self.finish_proc(run_id)
AttributeError: 'NoneType' object has no attribute 'cancel'
2024-12-29 23:01:23,148:main:INFO: life span cleanup
2024-12-29 23:01:23,149:process_pool:INFO: Process monitoring task canceled.
2024-12-30 00:11:49,831:process_pool:INFO: Started run with id 8cf965ef-eec2-4e25-8aad-00da068a7a35 and config {'grid_width': 10, 'grid_height': 10, 'food': 20, 'snake_count': 2, 'calc_timeout': 7000, 'food_decay': 0, 'verbose': False, 'sound': False, 'fps': 10, 'map': '', 'spm': 180, 'start_length': 3, 'food_value': 0, 'free_value': 1, 'command': 'compute', 'no_record': False, 'record_file': 'snake_run.json', 'record_dir': 'C:\\temp', 'blocked_value': 2, 'max_no_food_steps': None, 'max_steps': None, 'norm_head': 3, 'norm_body': 4, 'norm_main_head': 5, 'norm_main_body': 6, 'dirs': {'up': [0, -1], 'down': [0, 1], 'left': [-1, 0], 'right': [1, 0]}, 'color_mapping': {'food_value': [223, 163, 49], 'free_value': [0, 0, 0], 'blocked_value': [127, 127, 127]}, 'snake_colors': [{'head_color': [142, 15, 5], 'body_color': [255, 30, 10]}, {'head_color': [19, 44, 209], 'body_color': [12, 26, 117]}, {'head_color': [19, 212, 77], 'body_color': [12, 117, 43]}, {'head_color': [199, 4, 173], 'body_color': [139, 2, 121]}, {'head_color': [0, 170, 255], 'body_color': [0, 119, 179]}, {'head_color': [255, 0, 0], 'body_color': [179, 0, 0]}, {'head_color': [255, 162, 0], 'body_color': [179, 114, 0]}, {'head_color': [176, 27, 16], 'body_color': [125, 19, 11]}, {'head_color': [19, 44, 209], 'body_color': [12, 26, 117]}, {'head_color': [19, 212, 77], 'body_color': [12, 117, 43]}, {'head_color': [199, 4, 173], 'body_color': [139, 2, 121]}, {'head_color': [0, 170, 255], 'body_color': [0, 119, 179]}, {'head_color': [255, 0, 0], 'body_color': [179, 0, 0]}, {'head_color': [255, 162, 0], 'body_color': [179, 114, 0]}, {'head_color': [176, 27, 16], 'body_color': [125, 19, 11]}, {'head_color': [19, 44, 209], 'body_color': [12, 26, 117]}, {'head_color': [19, 212, 77], 'body_color': [12, 117, 43]}, {'head_color': [199, 4, 173], 'body_color': [139, 2, 121]}, {'head_color': [0, 170, 255], 'body_color': [0, 119, 179]}, {'head_color': [255, 0, 0], 'body_color': [179, 0, 0]}, {'head_color': [255, 162, 0], 'body_color': [179, 114, 0]}, {'head_color': [176, 27, 16], 'body_color': [125, 19, 11]}, {'head_color': [19, 44, 209], 'body_color': [12, 26, 117]}, {'head_color': [19, 212, 77], 'body_color': [12, 117, 43]}]}
2024-12-30 00:12:07,445:main:INFO: life span cleanup
2024-12-30 00:12:07,445:process_pool:INFO: Finishing process with id 8cf965ef-eec2-4e25-8aad-00da068a7a35
2024-12-30 00:12:07,447:stream_source_manager:DEBUG: Storing live source with id 8cf965ef-eec2-4e25-8aad-00da068a7a35
2024-12-30 00:12:07,447:file_storage:ERROR: Error storing run data: 'NoneType' object has no attribute 'write_to_file'
2024-12-30 00:12:07,448:file_storage:DEBUG: TRACEBACK
Traceback (most recent call last):
  File "B:\pythonStuff\snake_server\snake_server\run_storage\file_storage.py", line 29, in store_run
    run_data.write_to_file(output_dir=file_dir, filename=filename)
    ^^^^^^^^^^^^^^^^^^^^^^
AttributeError: 'NoneType' object has no attribute 'write_to_file'
2024-12-30 00:12:07,500:process_pool:INFO: Process monitoring task canceled.
2024-12-30 00:14:24,964:process_pool:INFO: Started run with id f56dbac5-6015-4212-9259-cb5a4deef73d and config {'grid_width': 10, 'grid_height': 10, 'food': 20, 'snake_count': 2, 'calc_timeout': 7000, 'food_decay': 0, 'verbose': False, 'sound': False, 'fps': 10, 'map': '', 'spm': 180, 'start_length': 3, 'food_value': 0, 'free_value': 1, 'command': 'compute', 'no_record': False, 'record_file': 'snake_run.json', 'record_dir': 'C:\\temp', 'blocked_value': 2, 'max_no_food_steps': None, 'max_steps': None, 'norm_head': 3, 'norm_body': 4, 'norm_main_head': 5, 'norm_main_body': 6, 'dirs': {'up': [0, -1], 'down': [0, 1], 'left': [-1, 0], 'right': [1, 0]}, 'color_mapping': {'food_value': [223, 163, 49], 'free_value': [0, 0, 0], 'blocked_value': [127, 127, 127]}, 'snake_colors': [{'head_color': [142, 15, 5], 'body_color': [255, 30, 10]}, {'head_color': [19, 44, 209], 'body_color': [12, 26, 117]}, {'head_color': [19, 212, 77], 'body_color': [12, 117, 43]}, {'head_color': [199, 4, 173], 'body_color': [139, 2, 121]}, {'head_color': [0, 170, 255], 'body_color': [0, 119, 179]}, {'head_color': [255, 0, 0], 'body_color': [179, 0, 0]}, {'head_color': [255, 162, 0], 'body_color': [179, 114, 0]}, {'head_color': [176, 27, 16], 'body_color': [125, 19, 11]}, {'head_color': [19, 44, 209], 'body_color': [12, 26, 117]}, {'head_color': [19, 212, 77], 'body_color': [12, 117, 43]}, {'head_color': [199, 4, 173], 'body_color': [139, 2, 121]}, {'head_color': [0, 170, 255], 'body_color': [0, 119, 179]}, {'head_color': [255, 0, 0], 'body_color': [179, 0, 0]}, {'head_color': [255, 162, 0], 'body_color': [179, 114, 0]}, {'head_color': [176, 27, 16], 'body_color': [125, 19, 11]}, {'head_color': [19, 44, 209], 'body_color': [12, 26, 117]}, {'head_color': [19, 212, 77], 'body_color': [12, 117, 43]}, {'head_color': [199, 4, 173], 'body_color': [139, 2, 121]}, {'head_color': [0, 170, 255], 'body_color': [0, 119, 179]}, {'head_color': [255, 0, 0], 'body_color': [179, 0, 0]}, {'head_color': [255, 162, 0], 'body_color': [179, 114, 0]}, {'head_color': [176, 27, 16], 'body_color': [125, 19, 11]}, {'head_color': [19, 44, 209], 'body_color': [12, 26, 117]}, {'head_color': [19, 212, 77], 'body_color': [12, 117, 43]}]}
2024-12-30 00:14:41,012:main:INFO: life span cleanup
2024-12-30 00:14:41,013:process_pool:INFO: Finishing process with id f56dbac5-6015-4212-9259-cb5a4deef73d
2024-12-30 00:14:41,015:stream_source_manager:DEBUG: Storing live source with id f56dbac5-6015-4212-9259-cb5a4deef73d
2024-12-30 00:14:41,016:file_storage:ERROR: Error storing run data: 'NoneType' object has no attribute 'write_to_file'
2024-12-30 00:14:41,016:file_storage:DEBUG: TRACEBACK
Traceback (most recent call last):
  File "B:\pythonStuff\snake_server\snake_server\run_storage\file_storage.py", line 29, in store_run
    run_data.write_to_file(output_dir=file_dir, filename=filename)
    ^^^^^^^^^^^^^^^^^^^^^^
AttributeError: 'NoneType' object has no attribute 'write_to_file'
2024-12-30 00:14:41,079:process_pool:INFO: Process monitoring task canceled.
2024-12-30 00:14:43,794:main:INFO: life span cleanup
2024-12-30 00:14:43,795:process_pool:INFO: Process monitoring task canceled.
2024-12-30 00:14:57,376:main:INFO: life span cleanup
2024-12-30 00:14:57,377:process_pool:INFO: Process monitoring task canceled.
2024-12-30 00:15:32,098:main:INFO: life span cleanup
2024-12-30 00:15:32,099:process_pool:INFO: Process monitoring task canceled.
2024-12-30 00:17:24,291:main:INFO: life span cleanup
2024-12-30 00:17:24,292:process_pool:INFO: Process monitoring task canceled.
2024-12-30 00:17:29,126:process_pool:INFO: Started run with id 7ce4e915-07b3-4447-bdc7-697c867ba213 and config {'grid_width': 10, 'grid_height': 10, 'food': 20, 'snake_count': 2, 'calc_timeout': 7000, 'food_decay': 0, 'verbose': False, 'sound': False, 'fps': 10, 'map': '', 'spm': 180, 'start_length': 3, 'food_value': 0, 'free_value': 1, 'command': 'compute', 'no_record': False, 'record_file': 'snake_run.json', 'record_dir': 'C:\\temp', 'blocked_value': 2, 'max_no_food_steps': None, 'max_steps': None, 'norm_head': 3, 'norm_body': 4, 'norm_main_head': 5, 'norm_main_body': 6, 'dirs': {'up': [0, -1], 'down': [0, 1], 'left': [-1, 0], 'right': [1, 0]}, 'color_mapping': {'food_value': [223, 163, 49], 'free_value': [0, 0, 0], 'blocked_value': [127, 127, 127]}, 'snake_colors': [{'head_color': [142, 15, 5], 'body_color': [255, 30, 10]}, {'head_color': [19, 44, 209], 'body_color': [12, 26, 117]}, {'head_color': [19, 212, 77], 'body_color': [12, 117, 43]}, {'head_color': [199, 4, 173], 'body_color': [139, 2, 121]}, {'head_color': [0, 170, 255], 'body_color': [0, 119, 179]}, {'head_color': [255, 0, 0], 'body_color': [179, 0, 0]}, {'head_color': [255, 162, 0], 'body_color': [179, 114, 0]}, {'head_color': [176, 27, 16], 'body_color': [125, 19, 11]}, {'head_color': [19, 44, 209], 'body_color': [12, 26, 117]}, {'head_color': [19, 212, 77], 'body_color': [12, 117, 43]}, {'head_color': [199, 4, 173], 'body_color': [139, 2, 121]}, {'head_color': [0, 170, 255], 'body_color': [0, 119, 179]}, {'head_color': [255, 0, 0], 'body_color': [179, 0, 0]}, {'head_color': [255, 162, 0], 'body_color': [179, 114, 0]}, {'head_color': [176, 27, 16], 'body_color': [125, 19, 11]}, {'head_color': [19, 44, 209], 'body_color': [12, 26, 117]}, {'head_color': [19, 212, 77], 'body_color': [12, 117, 43]}, {'head_color': [199, 4, 173], 'body_color': [139, 2, 121]}, {'head_color': [0, 170, 255], 'body_color': [0, 119, 179]}, {'head_color': [255, 0, 0], 'body_color': [179, 0, 0]}, {'head_color': [255, 162, 0], 'body_color': [179, 114, 0]}, {'head_color': [176, 27, 16], 'body_color': [125, 19, 11]}, {'head_color': [19, 44, 209], 'body_color': [12, 26, 117]}, {'head_color': [19, 212, 77], 'body_color': [12, 117, 43]}]}
2024-12-30 00:17:30,625:process_pool:ERROR: Error in process with id 7ce4e915-07b3-4447-bdc7-697c867ba213: 'RecorderRunDataObserver' object has no attribute 'as_proto'
2024-12-30 00:17:30,626:process_pool:DEBUG: TRACEBACK
concurrent.futures.process._RemoteTraceback: 
"""
Traceback (most recent call last):
  File "B:\pythonStuff\snake_sim\snake_sim\environment\snake_loop_control.py", line 157, in run
    self._loop.start(stop_event)
  File "B:\pythonStuff\snake_sim\snake_sim\environment\main_loop.py", line 54, in start
    self.stop()
  File "B:\pythonStuff\snake_sim\snake_sim\environment\main_loop.py", line 74, in stop
    self._notify_end()
  File "B:\pythonStuff\snake_sim\snake_sim\environment\main_loop.py", line 100, in _notify_end
    observer.notify_end()
  File "B:\pythonStuff\snake_sim\snake_sim\loop_observers\run_data_loop_observer.py", line 28, in notify_end
    observer.notify_end(self._adapter.get_run_data())
  File "B:\pythonStuff\snake_sim\snake_sim\loop_observers\recorder_run_data_observer.py", line 19, in notify_end
    run_data.write_to_file(self.recording_dir, filename=self.recording_file, as_proto=self.as_proto)
                                                                                      ^^^^^^^^^^^^^
AttributeError: 'RecorderRunDataObserver' object has no attribute 'as_proto'

During handling of the above exception, another exception occurred:

Traceback (most recent call last):
  File "C:\Users\Jes_p\AppData\Local\Programs\Python\Python312\Lib\concurrent\futures\process.py", line 264, in _process_worker
    r = call_item.fn(*call_item.args, **call_item.kwargs)
        ^^^^^^^^^^^^^^^^^^^^^^^^^^^^^^^^^^^^^^^^^^^^^^^^^
  File "B:\pythonStuff\snake_sim\snake_sim\environment\snake_loop_control.py", line 57, in wrapper
    return func(self, *args, **kwargs)
           ^^^^^^^^^^^^^^^^^^^^^^^^^^^
  File "B:\pythonStuff\snake_sim\snake_sim\environment\snake_loop_control.py", line 159, in run
    self._loop.stop()
  File "B:\pythonStuff\snake_sim\snake_sim\environment\main_loop.py", line 74, in stop
    self._notify_end()
  File "B:\pythonStuff\snake_sim\snake_sim\environment\main_loop.py", line 100, in _notify_end
    observer.notify_end()
  File "B:\pythonStuff\snake_sim\snake_sim\loop_observers\run_data_loop_observer.py", line 28, in notify_end
    observer.notify_end(self._adapter.get_run_data())
  File "B:\pythonStuff\snake_sim\snake_sim\loop_observers\recorder_run_data_observer.py", line 19, in notify_end
    run_data.write_to_file(self.recording_dir, filename=self.recording_file, as_proto=self.as_proto)
                                                                                      ^^^^^^^^^^^^^
AttributeError: 'RecorderRunDataObserver' object has no attribute 'as_proto'
"""

The above exception was the direct cause of the following exception:

Traceback (most recent call last):
  File "B:\pythonStuff\snake_server\snake_server\process_pool\process_pool.py", line 38, in check_result
    self.future.result()
  File "C:\Users\Jes_p\AppData\Local\Programs\Python\Python312\Lib\concurrent\futures\_base.py", line 449, in result
    return self.__get_result()
           ^^^^^^^^^^^^^^^^^^^
  File "C:\Users\Jes_p\AppData\Local\Programs\Python\Python312\Lib\concurrent\futures\_base.py", line 401, in __get_result
    raise self._exception
AttributeError: 'RecorderRunDataObserver' object has no attribute 'as_proto'
2024-12-30 00:17:30,641:process_pool:INFO: Finishing process with id 7ce4e915-07b3-4447-bdc7-697c867ba213
2024-12-30 00:17:30,642:stream_source_manager:DEBUG: Storing live source with id 7ce4e915-07b3-4447-bdc7-697c867ba213
2024-12-30 00:17:30,643:file_storage:ERROR: Error storing run data: [Errno 2] No such file or directory: 'B:\\pythonStuff\\snake_server\\snake_server\\run_storage\\file_store\\grid_10x10\\10x10_20_0_2__7ce4e915-07b3-4447-bdc7-697c867ba213.pb'
2024-12-30 00:17:30,644:file_storage:DEBUG: TRACEBACK
Traceback (most recent call last):
  File "B:\pythonStuff\snake_server\snake_server\run_storage\file_storage.py", line 29, in store_run
    run_data.write_to_file(output_dir=file_dir, filename=filename)
  File "B:\pythonStuff\snake_sim\snake_sim\run_data\run_data.py", line 239, in write_to_file
    with open(filepath, 'w') as file:
         ^^^^^^^^^^^^^^^^^^^
FileNotFoundError: [Errno 2] No such file or directory: 'B:\\pythonStuff\\snake_server\\snake_server\\run_storage\\file_store\\grid_10x10\\10x10_20_0_2__7ce4e915-07b3-4447-bdc7-697c867ba213.pb'
2024-12-30 00:19:40,766:main:INFO: life span cleanup
2024-12-30 00:19:40,767:process_pool:INFO: Process monitoring task canceled.
2024-12-30 00:19:50,014:main:INFO: life span cleanup
2024-12-30 00:19:50,014:process_pool:INFO: Process monitoring task canceled.
2024-12-30 00:19:59,559:main:INFO: life span cleanup
2024-12-30 00:19:59,560:process_pool:INFO: Process monitoring task canceled.
2024-12-30 00:20:08,920:main:INFO: life span cleanup
2024-12-30 00:20:08,920:process_pool:INFO: Process monitoring task canceled.
2024-12-30 00:20:47,777:main:INFO: life span cleanup
2024-12-30 00:20:47,777:process_pool:INFO: Process monitoring task canceled.
2024-12-30 00:20:57,017:main:INFO: life span cleanup
2024-12-30 00:20:57,017:process_pool:INFO: Process monitoring task canceled.
2024-12-30 00:21:20,503:main:INFO: life span cleanup
2024-12-30 00:21:20,504:process_pool:INFO: Process monitoring task canceled.
2024-12-30 00:21:44,856:main:INFO: life span cleanup
2024-12-30 00:21:44,857:process_pool:INFO: Process monitoring task canceled.
2024-12-30 00:21:53,664:main:INFO: life span cleanup
2024-12-30 00:21:53,664:process_pool:INFO: Process monitoring task canceled.
2024-12-30 00:22:00,552:main:INFO: life span cleanup
2024-12-30 00:22:00,553:process_pool:INFO: Process monitoring task canceled.
2024-12-30 00:25:58,421:process_pool:INFO: Started run with id e4e3556e-6005-4d26-9d9b-e78b69c951f4 and config {'grid_width': 10, 'grid_height': 10, 'food': 20, 'snake_count': 2, 'calc_timeout': 7000, 'food_decay': 0, 'verbose': False, 'sound': False, 'fps': 10, 'map': '', 'spm': 180, 'start_length': 3, 'food_value': 0, 'free_value': 1, 'command': 'compute', 'no_record': False, 'record_file': 'snake_run.json', 'record_dir': 'C:\\temp', 'blocked_value': 2, 'max_no_food_steps': None, 'max_steps': None, 'norm_head': 3, 'norm_body': 4, 'norm_main_head': 5, 'norm_main_body': 6, 'dirs': {'up': [0, -1], 'down': [0, 1], 'left': [-1, 0], 'right': [1, 0]}, 'color_mapping': {'food_value': [223, 163, 49], 'free_value': [0, 0, 0], 'blocked_value': [127, 127, 127]}, 'snake_colors': [{'head_color': [142, 15, 5], 'body_color': [255, 30, 10]}, {'head_color': [19, 44, 209], 'body_color': [12, 26, 117]}, {'head_color': [19, 212, 77], 'body_color': [12, 117, 43]}, {'head_color': [199, 4, 173], 'body_color': [139, 2, 121]}, {'head_color': [0, 170, 255], 'body_color': [0, 119, 179]}, {'head_color': [255, 0, 0], 'body_color': [179, 0, 0]}, {'head_color': [255, 162, 0], 'body_color': [179, 114, 0]}, {'head_color': [176, 27, 16], 'body_color': [125, 19, 11]}, {'head_color': [19, 44, 209], 'body_color': [12, 26, 117]}, {'head_color': [19, 212, 77], 'body_color': [12, 117, 43]}, {'head_color': [199, 4, 173], 'body_color': [139, 2, 121]}, {'head_color': [0, 170, 255], 'body_color': [0, 119, 179]}, {'head_color': [255, 0, 0], 'body_color': [179, 0, 0]}, {'head_color': [255, 162, 0], 'body_color': [179, 114, 0]}, {'head_color': [176, 27, 16], 'body_color': [125, 19, 11]}, {'head_color': [19, 44, 209], 'body_color': [12, 26, 117]}, {'head_color': [19, 212, 77], 'body_color': [12, 117, 43]}, {'head_color': [199, 4, 173], 'body_color': [139, 2, 121]}, {'head_color': [0, 170, 255], 'body_color': [0, 119, 179]}, {'head_color': [255, 0, 0], 'body_color': [179, 0, 0]}, {'head_color': [255, 162, 0], 'body_color': [179, 114, 0]}, {'head_color': [176, 27, 16], 'body_color': [125, 19, 11]}, {'head_color': [19, 44, 209], 'body_color': [12, 26, 117]}, {'head_color': [19, 212, 77], 'body_color': [12, 117, 43]}]}
2024-12-30 00:26:02,589:process_pool:INFO: Finishing process with id e4e3556e-6005-4d26-9d9b-e78b69c951f4
2024-12-30 00:26:02,592:stream_source_manager:DEBUG: Storing live source with id e4e3556e-6005-4d26-9d9b-e78b69c951f4
2024-12-30 00:26:02,593:file_storage:ERROR: Error storing run data: [Errno 2] No such file or directory: 'B:\\pythonStuff\\snake_server\\snake_server\\run_storage\\file_store\\grid_10x10\\10x10_20_0_2__e4e3556e-6005-4d26-9d9b-e78b69c951f4.pb'
2024-12-30 00:26:02,594:file_storage:DEBUG: TRACEBACK
Traceback (most recent call last):
  File "B:\pythonStuff\snake_server\snake_server\run_storage\file_storage.py", line 29, in store_run
    run_data.write_to_file(output_dir=file_dir, filename=filename)
  File "B:\pythonStuff\snake_sim\snake_sim\run_data\run_data.py", line 239, in write_to_file
    json.dump(self.to_dict(), file)
     ^^^^^^^^^^^^^^^^^^^
FileNotFoundError: [Errno 2] No such file or directory: 'B:\\pythonStuff\\snake_server\\snake_server\\run_storage\\file_store\\grid_10x10\\10x10_20_0_2__e4e3556e-6005-4d26-9d9b-e78b69c951f4.pb'
2024-12-30 00:27:01,495:main:INFO: life span cleanup
2024-12-30 00:27:01,496:process_pool:INFO: Process monitoring task canceled.
2024-12-30 00:27:08,290:process_pool:INFO: Started run with id 2a26bda4-ab40-44ce-96f2-d21321f64af7 and config {'grid_width': 10, 'grid_height': 10, 'food': 20, 'snake_count': 2, 'calc_timeout': 7000, 'food_decay': 0, 'verbose': False, 'sound': False, 'fps': 10, 'map': '', 'spm': 180, 'start_length': 3, 'food_value': 0, 'free_value': 1, 'command': 'compute', 'no_record': True, 'record_file': 'snake_run.json', 'record_dir': 'C:\\temp', 'blocked_value': 2, 'max_no_food_steps': None, 'max_steps': None, 'norm_head': 3, 'norm_body': 4, 'norm_main_head': 5, 'norm_main_body': 6, 'dirs': {'up': [0, -1], 'down': [0, 1], 'left': [-1, 0], 'right': [1, 0]}, 'color_mapping': {'food_value': [223, 163, 49], 'free_value': [0, 0, 0], 'blocked_value': [127, 127, 127]}, 'snake_colors': [{'head_color': [142, 15, 5], 'body_color': [255, 30, 10]}, {'head_color': [19, 44, 209], 'body_color': [12, 26, 117]}, {'head_color': [19, 212, 77], 'body_color': [12, 117, 43]}, {'head_color': [199, 4, 173], 'body_color': [139, 2, 121]}, {'head_color': [0, 170, 255], 'body_color': [0, 119, 179]}, {'head_color': [255, 0, 0], 'body_color': [179, 0, 0]}, {'head_color': [255, 162, 0], 'body_color': [179, 114, 0]}, {'head_color': [176, 27, 16], 'body_color': [125, 19, 11]}, {'head_color': [19, 44, 209], 'body_color': [12, 26, 117]}, {'head_color': [19, 212, 77], 'body_color': [12, 117, 43]}, {'head_color': [199, 4, 173], 'body_color': [139, 2, 121]}, {'head_color': [0, 170, 255], 'body_color': [0, 119, 179]}, {'head_color': [255, 0, 0], 'body_color': [179, 0, 0]}, {'head_color': [255, 162, 0], 'body_color': [179, 114, 0]}, {'head_color': [176, 27, 16], 'body_color': [125, 19, 11]}, {'head_color': [19, 44, 209], 'body_color': [12, 26, 117]}, {'head_color': [19, 212, 77], 'body_color': [12, 117, 43]}, {'head_color': [199, 4, 173], 'body_color': [139, 2, 121]}, {'head_color': [0, 170, 255], 'body_color': [0, 119, 179]}, {'head_color': [255, 0, 0], 'body_color': [179, 0, 0]}, {'head_color': [255, 162, 0], 'body_color': [179, 114, 0]}, {'head_color': [176, 27, 16], 'body_color': [125, 19, 11]}, {'head_color': [19, 44, 209], 'body_color': [12, 26, 117]}, {'head_color': [19, 212, 77], 'body_color': [12, 117, 43]}]}
2024-12-30 00:27:09,760:process_pool:INFO: Finishing process with id 2a26bda4-ab40-44ce-96f2-d21321f64af7
2024-12-30 00:27:09,762:stream_source_manager:DEBUG: Storing live source with id 2a26bda4-ab40-44ce-96f2-d21321f64af7
2024-12-30 00:27:09,764:file_storage:ERROR: Error storing run data: 'list' object has no attribute 'tolist'
2024-12-30 00:27:09,765:file_storage:DEBUG: TRACEBACK
Traceback (most recent call last):
  File "B:\pythonStuff\snake_server\snake_server\run_storage\file_storage.py", line 29, in store_run
    run_data.write_to_file(output_dir=file_dir, filename=filename)
  File "B:\pythonStuff\snake_sim\snake_sim\run_data\run_data.py", line 239, in write_to_file
    json.dump(self.to_dict(), file)
              ^^^^^^^^^^^^^^
  File "B:\pythonStuff\snake_sim\snake_sim\run_data\run_data.py", line 250, in to_dict
    'base_map': self.base_map.tolist(),
                ^^^^^^^^^^^^^^^^^^^^
AttributeError: 'list' object has no attribute 'tolist'
2024-12-30 00:29:04,475:main:INFO: life span cleanup
2024-12-30 00:29:04,475:process_pool:INFO: Process monitoring task canceled.
2024-12-30 00:29:55,949:process_pool:INFO: Started run with id c5dbdda7-53ef-4cab-9ec0-72cd9f8056f8 and config {'grid_width': 10, 'grid_height': 10, 'food': 20, 'snake_count': 2, 'calc_timeout': 7000, 'food_decay': 0, 'verbose': False, 'sound': False, 'fps': 10, 'map': '', 'spm': 180, 'start_length': 3, 'food_value': 0, 'free_value': 1, 'command': 'compute', 'no_record': True, 'record_file': 'snake_run.json', 'record_dir': 'C:\\temp', 'blocked_value': 2, 'max_no_food_steps': None, 'max_steps': None, 'norm_head': 3, 'norm_body': 4, 'norm_main_head': 5, 'norm_main_body': 6, 'dirs': {'up': [0, -1], 'down': [0, 1], 'left': [-1, 0], 'right': [1, 0]}, 'color_mapping': {'food_value': [223, 163, 49], 'free_value': [0, 0, 0], 'blocked_value': [127, 127, 127]}, 'snake_colors': [{'head_color': [142, 15, 5], 'body_color': [255, 30, 10]}, {'head_color': [19, 44, 209], 'body_color': [12, 26, 117]}, {'head_color': [19, 212, 77], 'body_color': [12, 117, 43]}, {'head_color': [199, 4, 173], 'body_color': [139, 2, 121]}, {'head_color': [0, 170, 255], 'body_color': [0, 119, 179]}, {'head_color': [255, 0, 0], 'body_color': [179, 0, 0]}, {'head_color': [255, 162, 0], 'body_color': [179, 114, 0]}, {'head_color': [176, 27, 16], 'body_color': [125, 19, 11]}, {'head_color': [19, 44, 209], 'body_color': [12, 26, 117]}, {'head_color': [19, 212, 77], 'body_color': [12, 117, 43]}, {'head_color': [199, 4, 173], 'body_color': [139, 2, 121]}, {'head_color': [0, 170, 255], 'body_color': [0, 119, 179]}, {'head_color': [255, 0, 0], 'body_color': [179, 0, 0]}, {'head_color': [255, 162, 0], 'body_color': [179, 114, 0]}, {'head_color': [176, 27, 16], 'body_color': [125, 19, 11]}, {'head_color': [19, 44, 209], 'body_color': [12, 26, 117]}, {'head_color': [19, 212, 77], 'body_color': [12, 117, 43]}, {'head_color': [199, 4, 173], 'body_color': [139, 2, 121]}, {'head_color': [0, 170, 255], 'body_color': [0, 119, 179]}, {'head_color': [255, 0, 0], 'body_color': [179, 0, 0]}, {'head_color': [255, 162, 0], 'body_color': [179, 114, 0]}, {'head_color': [176, 27, 16], 'body_color': [125, 19, 11]}, {'head_color': [19, 44, 209], 'body_color': [12, 26, 117]}, {'head_color': [19, 212, 77], 'body_color': [12, 117, 43]}]}
2024-12-30 00:29:58,869:process_pool:INFO: Finishing process with id c5dbdda7-53ef-4cab-9ec0-72cd9f8056f8
2024-12-30 00:29:58,871:stream_source_manager:DEBUG: Storing live source with id c5dbdda7-53ef-4cab-9ec0-72cd9f8056f8
2024-12-30 00:30:33,265:main:INFO: life span cleanup
2024-12-30 00:30:33,266:process_pool:INFO: Process monitoring task canceled.
2024-12-30 00:36:46,952:asyncio:DEBUG: Using proactor: IocpProactor
2024-12-30 00:36:51,006:process_pool:INFO: Started run with id 2bcf1158-2ff5-42fe-9d54-9b0c9e7b4c5f and config {'grid_width': 10, 'grid_height': 10, 'food': 20, 'snake_count': 2, 'calc_timeout': 7000, 'food_decay': 0, 'verbose': False, 'sound': False, 'fps': 10, 'map': '', 'spm': 180, 'start_length': 3, 'food_value': 0, 'free_value': 1, 'command': 'compute', 'no_record': True, 'record_file': 'snake_run.json', 'record_dir': 'C:\\temp', 'blocked_value': 2, 'max_no_food_steps': None, 'max_steps': None, 'norm_head': 3, 'norm_body': 4, 'norm_main_head': 5, 'norm_main_body': 6, 'dirs': {'up': [0, -1], 'down': [0, 1], 'left': [-1, 0], 'right': [1, 0]}, 'color_mapping': {'food_value': [223, 163, 49], 'free_value': [0, 0, 0], 'blocked_value': [127, 127, 127]}, 'snake_colors': [{'head_color': [142, 15, 5], 'body_color': [255, 30, 10]}, {'head_color': [19, 44, 209], 'body_color': [12, 26, 117]}, {'head_color': [19, 212, 77], 'body_color': [12, 117, 43]}, {'head_color': [199, 4, 173], 'body_color': [139, 2, 121]}, {'head_color': [0, 170, 255], 'body_color': [0, 119, 179]}, {'head_color': [255, 0, 0], 'body_color': [179, 0, 0]}, {'head_color': [255, 162, 0], 'body_color': [179, 114, 0]}, {'head_color': [176, 27, 16], 'body_color': [125, 19, 11]}, {'head_color': [19, 44, 209], 'body_color': [12, 26, 117]}, {'head_color': [19, 212, 77], 'body_color': [12, 117, 43]}, {'head_color': [199, 4, 173], 'body_color': [139, 2, 121]}, {'head_color': [0, 170, 255], 'body_color': [0, 119, 179]}, {'head_color': [255, 0, 0], 'body_color': [179, 0, 0]}, {'head_color': [255, 162, 0], 'body_color': [179, 114, 0]}, {'head_color': [176, 27, 16], 'body_color': [125, 19, 11]}, {'head_color': [19, 44, 209], 'body_color': [12, 26, 117]}, {'head_color': [19, 212, 77], 'body_color': [12, 117, 43]}, {'head_color': [199, 4, 173], 'body_color': [139, 2, 121]}, {'head_color': [0, 170, 255], 'body_color': [0, 119, 179]}, {'head_color': [255, 0, 0], 'body_color': [179, 0, 0]}, {'head_color': [255, 162, 0], 'body_color': [179, 114, 0]}, {'head_color': [176, 27, 16], 'body_color': [125, 19, 11]}, {'head_color': [19, 44, 209], 'body_color': [12, 26, 117]}, {'head_color': [19, 212, 77], 'body_color': [12, 117, 43]}]}
2024-12-30 00:36:53,034:process_pool:INFO: Finishing process with id 2bcf1158-2ff5-42fe-9d54-9b0c9e7b4c5f
2024-12-30 00:36:53,035:stream_source_manager:DEBUG: Storing live source with id 2bcf1158-2ff5-42fe-9d54-9b0c9e7b4c5f
2024-12-30 00:37:08,919:main:INFO: life span cleanup
2024-12-30 00:37:08,920:process_pool:INFO: Process monitoring task canceled.
2024-12-30 00:38:21,342:asyncio:DEBUG: Using proactor: IocpProactor
2024-12-30 00:38:24,658:process_pool:INFO: Started run with id c5419cd0-4366-4c55-8ebe-08f06669f0ea
2024-12-30 00:38:27,452:process_pool:INFO: Finishing process with id c5419cd0-4366-4c55-8ebe-08f06669f0ea
2024-12-30 00:38:27,453:stream_source_manager:DEBUG: Storing live source with id c5419cd0-4366-4c55-8ebe-08f06669f0ea
2024-12-30 00:39:48,722:process_pool:INFO: Started run with id 194dc0bc-6ada-4684-a040-725d9d718b62
2024-12-30 00:39:49,597:process_pool:INFO: Started run with id c36becb9-ffd4-4fa8-b533-f5e5b5753be1
2024-12-30 00:39:49,779:process_pool:INFO: Finishing process with id 194dc0bc-6ada-4684-a040-725d9d718b62
2024-12-30 00:39:49,798:stream_source_manager:DEBUG: Storing live source with id 194dc0bc-6ada-4684-a040-725d9d718b62
2024-12-30 00:39:51,792:process_pool:INFO: Finishing process with id c36becb9-ffd4-4fa8-b533-f5e5b5753be1
2024-12-30 00:39:51,792:stream_source_manager:DEBUG: Storing live source with id c36becb9-ffd4-4fa8-b533-f5e5b5753be1
2024-12-30 00:40:18,487:main:INFO: life span cleanup
2024-12-30 00:40:18,488:process_pool:INFO: Process monitoring task canceled.
2024-12-30 00:42:49,962:asyncio:DEBUG: Using proactor: IocpProactor
2024-12-30 00:42:56,684:process_pool:INFO: Started run with id e4340f9b-46ff-4169-a9a3-8f4f5fa15028
2024-12-30 00:42:58,079:process_pool:INFO: Finishing process with id e4340f9b-46ff-4169-a9a3-8f4f5fa15028
2024-12-30 00:42:58,080:stream_source_manager:DEBUG: Storing live source with id e4340f9b-46ff-4169-a9a3-8f4f5fa15028
2024-12-30 00:43:18,879:main:INFO: life span cleanup
2024-12-30 00:43:18,879:process_pool:INFO: Process monitoring task canceled.
2024-12-30 00:43:20,753:asyncio:DEBUG: Using proactor: IocpProactor
2024-12-30 00:43:35,291:process_pool:INFO: Started run with id ee0be6f8-e796-49e1-8ede-e87f1f314e20
2024-12-30 00:43:36,921:process_pool:INFO: Finishing process with id ee0be6f8-e796-49e1-8ede-e87f1f314e20
2024-12-30 00:43:36,923:stream_source_manager:DEBUG: Storing live source with id ee0be6f8-e796-49e1-8ede-e87f1f314e20
2024-12-30 00:43:44,156:main:INFO: life span cleanup
2024-12-30 00:43:44,157:process_pool:INFO: Process monitoring task canceled.
2024-12-30 00:44:01,351:asyncio:DEBUG: Using proactor: IocpProactor
2024-12-30 00:44:24,983:process_pool:INFO: Started run with id 47954870-8437-43fd-a44d-1f08da4092c7
2024-12-30 00:44:25,872:process_pool:INFO: Started run with id bb448b61-c5ed-44d6-97fc-86070abb1a85
2024-12-30 00:44:26,811:process_pool:INFO: Started run with id d71b99ec-3753-4bde-8d92-b697883facb5
2024-12-30 00:44:27,777:process_pool:INFO: Started run with id d66db582-81ca-45f1-8005-12b6b23af99b
2024-12-30 00:44:31,532:process_pool:INFO: Finishing process with id d66db582-81ca-45f1-8005-12b6b23af99b
2024-12-30 00:44:31,534:stream_source_manager:DEBUG: Storing live source with id d66db582-81ca-45f1-8005-12b6b23af99b
2024-12-30 00:46:14,319:main:INFO: life span cleanup
2024-12-30 00:46:14,320:process_pool:INFO: Finishing process with id 47954870-8437-43fd-a44d-1f08da4092c7
2024-12-30 00:46:14,320:stream_source_manager:DEBUG: Storing live source with id 47954870-8437-43fd-a44d-1f08da4092c7
2024-12-30 00:46:15,882:process_pool:INFO: Finishing process with id bb448b61-c5ed-44d6-97fc-86070abb1a85
2024-12-30 00:46:15,883:stream_source_manager:DEBUG: Storing live source with id bb448b61-c5ed-44d6-97fc-86070abb1a85
2024-12-30 00:46:17,593:process_pool:INFO: Finishing process with id d71b99ec-3753-4bde-8d92-b697883facb5
2024-12-30 00:46:17,594:stream_source_manager:DEBUG: Storing live source with id d71b99ec-3753-4bde-8d92-b697883facb5
2024-12-30 00:46:19,356:process_pool:INFO: Process monitoring task canceled.
